// Jest Snapshot v1, https://goo.gl/fbAQLP

exports[`<CreateProduct/> renders component and matches snapshot 1`] = `
<div>
  <form
    class="StyledForm-sc-44wenk-0 grZrFM"
  >
    <h2>
      Sell Product
    </h2>
    <fieldset
      aria-busy="false"
    >
      <label
        for="name"
        style="display: flex; flex: 1; flex-direction: column;"
      >
        Name
        <input
          id="name"
          name="name"
          placeholder="Insert a name for your product"
          type="text"
        />
      </label>
      <label
        for="description"
        style="display: flex; flex: 1; flex-direction: column;"
      >
        Description
        <textarea
          id="description"
          name="description"
          placeholder="Insert a description for this product:

- Year
 - Color
 - Size
 - Condition"
        />
      </label>
      <label
        for="price"
        style="display: flex; flex: 1; flex-direction: column;"
      >
        Price
        <input
          id="price"
          name="price"
          placeholder="Insert a price value"
          type="number"
        />
      </label>
      <label
        for="photo"
        style="display: flex; flex: 1; flex-direction: column;"
      >
        Photo
        <input
          accept=".jpg, .png, .gif, .jpeg"
          id="photo"
          name="photo"
          placeholder="Photo"
          type="file"
        />
      </label>
      <button
        type="submit"
      >
        + Add Product
      </button>
    </fieldset>
  </form>
</div>
`;
