// Jest Snapshot v1, https://goo.gl/fbAQLP

exports[`<NavigationComponent/> renders navigation when signed in 1`] = `
<div>
  <ul
    class="StyledNavigation-sc-hq3jod-0 efkomq"
  >
    <a
      href="/products/1"
    >
      PRODUCTS
    </a>
    <a
      href="/sell"
    >
      SELL
    </a>
    <a
      href="/orders"
    >
      ORDERS
    </a>
    <a
      href="/account"
    >
      ACCOUNT
    </a>
    <button
      type="button"
    >
      SIGN OUT
    </button>
    <button
      type="button"
    >
      MY CART
      <span
        class="CartCount__StyledAnimation-sc-181jath-1 gKoXcI"
      >
        <div>
          <div
            class="CartCount__StyledDot-sc-181jath-0 cfzsbD count"
          >
            0
          </div>
        </div>
      </span>
    </button>
  </ul>
</div>
`;

exports[`<NavigationComponent/> renders navigation when signed out 1`] = `
<div>
  <ul
    class="StyledNavigation-sc-hq3jod-0 efkomq"
  >
    <a
      href="/products/1"
    >
      PRODUCTS
    </a>
    <a
      href="/signin"
    >
      SIGN IN
    </a>
  </ul>
</div>
`;
