// Jest Snapshot v1, https://goo.gl/fbAQLP

exports[`<NavigationComponent/> renders navigation when signed in 1`] = `
<div>
  <ul
    class="StyledNavigation-sc-hq3jod-0 eiayEn"
  >
    <a
      href="/products/1"
    >
      PRODUCTS
    </a>
    <a
      href="/sell"
    >
      SELL
    </a>
    <a
      href="/orders"
    >
      ORDERS
    </a>
    <a
      href="/account"
    >
      ACCOUNT
    </a>
    <button
      type="button"
    >
      SIGN OUT
    </button>
    <button
      type="button"
    >
      MY CART
      <span
        class="StyledDot__StyledDotAnimation-sc-1qhuump-1 eVDUwC"
      >
        <div>
          <div
            class="StyledDot-sc-1qhuump-0 jErVQi count"
          >
            0
          </div>
        </div>
      </span>
    </button>
  </ul>
</div>
`;

exports[`<NavigationComponent/> renders navigation when signed out 1`] = `
<div>
  <ul
    class="StyledNavigation-sc-hq3jod-0 eiayEn"
  >
    <a
      href="/products/1"
    >
      PRODUCTS
    </a>
    <a
      href="/signin"
    >
      SIGN IN
    </a>
  </ul>
</div>
`;
