// Jest Snapshot v1, https://goo.gl/fbAQLP

exports[`<PaginationComponent/> renders pagination, multiple products 1`] = `
<div>
  <div
    class="StyledPaginationContainer-sc-nom4q0-0 eqreFF"
    data-test-id="pagination"
  >
    <div
      class="StyledPagination-sc-1vd1tt1-0 zPWJP"
    >
      <a
        aria-disabled="true"
        href="/products/0"
        style="white-space: nowrap;"
      >
        ← Prev
      </a>
      <p
        data-test-id="pageCount"
      >
        Page 
        1
         of 
        6
      </p>
      <p>
        Total Products: 
        36
      </p>
      <a
        aria-disabled="false"
        href="/products/2"
      >
        Next →
      </a>
    </div>
  </div>
</div>
`;
