// Jest Snapshot v1, https://goo.gl/fbAQLP

exports[`<ProductComponent/> renders component and matches the snapshot 1`] = `
<div>
  <div
    class="StyledItem-sc-n8xnjs-0 dihOBH"
  >
    next/image stub
    <h3
      class="StyledTitle-sc-xu1dk-0 dcnXgl"
    >
      <a
        href="/product/718b7ac6-7cf1-47e7-b1de-c4a13ca92f2d"
      >
        GRIFE Sample Pack - (Yellow)
      </a>
    </h3>
    <span
      class="StyledPriceTag-sc-hnq0ox-0 bXelVj"
    >
      R$ 50,00
    </span>
    <h3
      class="Supreme__SupremeDescription-sc-2anpcp-1 eSreBk"
    >
      Description:
      <p
        style="margin-top: 0px; margin-bottom: 0px; padding-top: 1rem; padding-bottom: 2rem; font-size: 1.5rem; max-height: 120px; overflow: scroll;"
      >
        This our first sample pack for summer beats in a sunny day, when all is yellow :)
      </p>
    </h3>
    <div
      class="buttonList"
    >
      <button
        class="StyledButtonLink-sc-zq7nji-0 chkZRh"
        type="button"
      >
        Add To Cart 🛒
      </button>
      <button
        class="StyledButtonLink-sc-zq7nji-0 chkZRh"
      >
        Update ✏️
      </button>
      <button
        class="StyledButtonLink-sc-zq7nji-0 chkZRh"
        type="button"
      >
        \`\`\`
        Delete
      </button>
    </div>
  </div>
</div>
`;
