// Jest Snapshot v1, https://goo.gl/fbAQLP

exports[`<RequestPasswordReset/> renders component and matches snapshot 1`] = `
<div>
  <form
    autocomplete="new-password"
    class="StyledForm-sc-44wenk-0 gkQMPk"
    method="POST"
  >
    <h2>
      Request a Password Reset
    </h2>
    <fieldset>
      <label
        for="email"
      >
        Email
        <input
          autocomplete="new-password"
          name="email"
          placeholder="Your Email Address"
          type="email"
          value=""
        />
      </label>
      <button
        type="submit"
      >
        Request Reset!
      </button>
      <div
        style="display: flex; flex: 1; width: 100%; height: 100%; justify-content: center; align-items: center; margin-top: 1rem; margin-bottom: 1rem;"
      >
        <div
          aria-busy="true"
          aria-label="Loading..."
          data-test-id="loading-label"
          role="alert"
        />
        <div
          class="LoadingSpinner__StyledLoadingSpinner-sc-kz9zuj-0 dMyStx"
        />
      </div>
    </fieldset>
  </form>
</div>
`;
