// Jest Snapshot v1, https://goo.gl/fbAQLP

exports[`<SignUp/> renders component and matches snapshot 1`] = `
<div>
  <form
    autocomplete="new-password"
    class="StyledForm-sc-44wenk-0 iUkmmK"
    method="POST"
  >
    <h2>
      Sign Up For an Account
    </h2>
    <fieldset>
      <label
        for="email"
      >
        Name
        <input
          aria-label="name"
          autocomplete="new-password"
          name="name"
          placeholder="Your Name"
          type="text"
          value=""
        />
      </label>
      <label
        for="email"
      >
        Email
        <input
          aria-label="email"
          autocomplete="new-password"
          name="email"
          placeholder="Your Email Address"
          type="email"
          value=""
        />
      </label>
      <label
        for="password"
      >
        Password
        <input
          aria-label="password"
          autocomplete="new-password"
          name="password"
          placeholder="Password"
          type="password"
          value=""
        />
      </label>
      <button
        type="submit"
      >
        Sign Up!
      </button>
    </fieldset>
  </form>
</div>
`;
