// Jest Snapshot v1, https://goo.gl/fbAQLP

exports[`<ProductDetails/> renders with proper data 1`] = `
<div>
  <div
    class="StyledProductDetails__ProductStyles-sc-1h68jv5-0 KIVje"
    data-test-id="single-product-component"
  >
    <div
      style="display: flex; flex: 1; flex-direction: column;"
    >
      <div
        style="height: 200px;"
      />
      <h1
        style="border-bottom: 4px solid gray; font-weight: 100; text-transform: capitalize;"
      >
        Sample Pack
      </h1>
      <h3
        class="Supreme-sc-2anpcp-0 ifSuSS"
      >
        R$ 20,00
      </h3>
      next/image stub
      <h3
        class="Supreme__SupremeDescription-sc-2anpcp-1 WMeja"
      >
        Description: 
        - No description available
      </h3>
      <div
        style="display: flex; flex: 1; flex-direction: column;"
      />
      <div
        class="buttonList"
      >
        <button
          class="StyledButtonLink-sc-zq7nji-0 hcCIHD"
          type="button"
        >
          Add To Cart 🛒
        </button>
        <button
          class="StyledButtonLink-sc-zq7nji-0 hcCIHD"
        >
          Update ✏️
        </button>
        <button
          class="StyledButtonLink-sc-zq7nji-0 hcCIHD"
          type="button"
        >
          \`\`\`
          Delete
        </button>
      </div>
    </div>
  </div>
</div>
`;
